  Identification des projets ├á restaurer...
  Tous les projets sont ├á jour pour la restauration.
  MovFileIntegrityChecker.Core -> C:\GitHub\MovFileIntegrityChecker\MovFileIntegrityChecker.Core\bin\Debug\net9.0\MovFileIntegrityChecker.Core.dll
C:\Program Files\dotnet\sdk\9.0.309\Microsoft.Common.CurrentVersion.targets(5093,5): warning MSB3026: Impossible de copier "C:\GitHub\MovFileIntegrityChecker\MovFileIntegrityChecker.Core\bin\Debug\net9.0\MovFileIntegrityChecker.Core.dll" vers "bin\Debug\net9.0-windows\MovFileIntegrityChecker.Core.dll". Nouvelle tentative de l'op├®ration 1 dans 1000┬áms. The process cannot access the file 'C:\GitHub\MovFileIntegrityChecker\MovFileIntegrityChecker.Web\bin\Debug\net9.0-windows\MovFileIntegrityChecker.Core.dll' because it is being used by another process. Le fichier est verrouill├® par┬á: "MovFileIntegrityChecker.Web (41432)" [C:\GitHub\MovFileIntegrityChecker\MovFileIntegrityChecker.Web\MovFileIntegrityChecker.Web.csproj]
C:\Program Files\dotnet\sdk\9.0.309\Microsoft.Common.CurrentVersion.targets(5093,5): warning MSB3026: Impossible de copier "C:\GitHub\MovFileIntegrityChecker\MovFileIntegrityChecker.Core\bin\Debug\net9.0\MovFileIntegrityChecker.Core.dll" vers "bin\Debug\net9.0-windows\MovFileIntegrityChecker.Core.dll". Nouvelle tentative de l'op├®ration 2 dans 1000┬áms. The process cannot access the file 'C:\GitHub\MovFileIntegrityChecker\MovFileIntegrityChecker.Web\bin\Debug\net9.0-windows\MovFileIntegrityChecker.Core.dll' because it is being used by another process. Le fichier est verrouill├® par┬á: "MovFileIntegrityChecker.Web (41432)" [C:\GitHub\MovFileIntegrityChecker\MovFileIntegrityChecker.Web\MovFileIntegrityChecker.Web.csproj]
C:\Program Files\dotnet\sdk\9.0.309\Microsoft.Common.CurrentVersion.targets(5093,5): warning MSB3026: Impossible de copier "C:\GitHub\MovFileIntegrityChecker\MovFileIntegrityChecker.Core\bin\Debug\net9.0\MovFileIntegrityChecker.Core.dll" vers "bin\Debug\net9.0-windows\MovFileIntegrityChecker.Core.dll". Nouvelle tentative de l'op├®ration 3 dans 1000┬áms. The process cannot access the file 'C:\GitHub\MovFileIntegrityChecker\MovFileIntegrityChecker.Web\bin\Debug\net9.0-windows\MovFileIntegrityChecker.Core.dll' because it is being used by another process. Le fichier est verrouill├® par┬á: "MovFileIntegrityChecker.Web (41432)" [C:\GitHub\MovFileIntegrityChecker\MovFileIntegrityChecker.Web\MovFileIntegrityChecker.Web.csproj]
C:\Program Files\dotnet\sdk\9.0.309\Microsoft.Common.CurrentVersion.targets(5093,5): warning MSB3026: Impossible de copier "C:\GitHub\MovFileIntegrityChecker\MovFileIntegrityChecker.Core\bin\Debug\net9.0\MovFileIntegrityChecker.Core.dll" vers "bin\Debug\net9.0-windows\MovFileIntegrityChecker.Core.dll". Nouvelle tentative de l'op├®ration 4 dans 1000┬áms. The process cannot access the file 'C:\GitHub\MovFileIntegrityChecker\MovFileIntegrityChecker.Web\bin\Debug\net9.0-windows\MovFileIntegrityChecker.Core.dll' because it is being used by another process. Le fichier est verrouill├® par┬á: "MovFileIntegrityChecker.Web (41432)" [C:\GitHub\MovFileIntegrityChecker\MovFileIntegrityChecker.Web\MovFileIntegrityChecker.Web.csproj]
C:\Program Files\dotnet\sdk\9.0.309\Microsoft.Common.CurrentVersion.targets(5093,5): warning MSB3026: Impossible de copier "C:\GitHub\MovFileIntegrityChecker\MovFileIntegrityChecker.Core\bin\Debug\net9.0\MovFileIntegrityChecker.Core.dll" vers "bin\Debug\net9.0-windows\MovFileIntegrityChecker.Core.dll". Nouvelle tentative de l'op├®ration 5 dans 1000┬áms. The process cannot access the file 'C:\GitHub\MovFileIntegrityChecker\MovFileIntegrityChecker.Web\bin\Debug\net9.0-windows\MovFileIntegrityChecker.Core.dll' because it is being used by another process. Le fichier est verrouill├® par┬á: "MovFileIntegrityChecker.Web (41432)" [C:\GitHub\MovFileIntegrityChecker\MovFileIntegrityChecker.Web\MovFileIntegrityChecker.Web.csproj]
C:\Program Files\dotnet\sdk\9.0.309\Microsoft.Common.CurrentVersion.targets(5093,5): warning MSB3026: Impossible de copier "C:\GitHub\MovFileIntegrityChecker\MovFileIntegrityChecker.Core\bin\Debug\net9.0\MovFileIntegrityChecker.Core.dll" vers "bin\Debug\net9.0-windows\MovFileIntegrityChecker.Core.dll". Nouvelle tentative de l'op├®ration 6 dans 1000┬áms. The process cannot access the file 'C:\GitHub\MovFileIntegrityChecker\MovFileIntegrityChecker.Web\bin\Debug\net9.0-windows\MovFileIntegrityChecker.Core.dll' because it is being used by another process. Le fichier est verrouill├® par┬á: "MovFileIntegrityChecker.Web (41432)" [C:\GitHub\MovFileIntegrityChecker\MovFileIntegrityChecker.Web\MovFileIntegrityChecker.Web.csproj]
C:\Program Files\dotnet\sdk\9.0.309\Microsoft.Common.CurrentVersion.targets(5093,5): warning MSB3026: Impossible de copier "C:\GitHub\MovFileIntegrityChecker\MovFileIntegrityChecker.Core\bin\Debug\net9.0\MovFileIntegrityChecker.Core.dll" vers "bin\Debug\net9.0-windows\MovFileIntegrityChecker.Core.dll". Nouvelle tentative de l'op├®ration 7 dans 1000┬áms. The process cannot access the file 'C:\GitHub\MovFileIntegrityChecker\MovFileIntegrityChecker.Web\bin\Debug\net9.0-windows\MovFileIntegrityChecker.Core.dll' because it is being used by another process. Le fichier est verrouill├® par┬á: "MovFileIntegrityChecker.Web (41432)" [C:\GitHub\MovFileIntegrityChecker\MovFileIntegrityChecker.Web\MovFileIntegrityChecker.Web.csproj]
C:\Program Files\dotnet\sdk\9.0.309\Microsoft.Common.CurrentVersion.targets(5093,5): warning MSB3026: Impossible de copier "C:\GitHub\MovFileIntegrityChecker\MovFileIntegrityChecker.Core\bin\Debug\net9.0\MovFileIntegrityChecker.Core.dll" vers "bin\Debug\net9.0-windows\MovFileIntegrityChecker.Core.dll". Nouvelle tentative de l'op├®ration 8 dans 1000┬áms. The process cannot access the file 'C:\GitHub\MovFileIntegrityChecker\MovFileIntegrityChecker.Web\bin\Debug\net9.0-windows\MovFileIntegrityChecker.Core.dll' because it is being used by another process. Le fichier est verrouill├® par┬á: "MovFileIntegrityChecker.Web (41432)" [C:\GitHub\MovFileIntegrityChecker\MovFileIntegrityChecker.Web\MovFileIntegrityChecker.Web.csproj]
C:\Program Files\dotnet\sdk\9.0.309\Microsoft.Common.CurrentVersion.targets(5093,5): warning MSB3026: Impossible de copier "C:\GitHub\MovFileIntegrityChecker\MovFileIntegrityChecker.Core\bin\Debug\net9.0\MovFileIntegrityChecker.Core.dll" vers "bin\Debug\net9.0-windows\MovFileIntegrityChecker.Core.dll". Nouvelle tentative de l'op├®ration 9 dans 1000┬áms. The process cannot access the file 'C:\GitHub\MovFileIntegrityChecker\MovFileIntegrityChecker.Web\bin\Debug\net9.0-windows\MovFileIntegrityChecker.Core.dll' because it is being used by another process. Le fichier est verrouill├® par┬á: "MovFileIntegrityChecker.Web (41432)" [C:\GitHub\MovFileIntegrityChecker\MovFileIntegrityChecker.Web\MovFileIntegrityChecker.Web.csproj]
C:\Program Files\dotnet\sdk\9.0.309\Microsoft.Common.CurrentVersion.targets(5093,5): warning MSB3026: Impossible de copier "C:\GitHub\MovFileIntegrityChecker\MovFileIntegrityChecker.Core\bin\Debug\net9.0\MovFileIntegrityChecker.Core.dll" vers "bin\Debug\net9.0-windows\MovFileIntegrityChecker.Core.dll". Nouvelle tentative de l'op├®ration 10 dans 1000┬áms. The process cannot access the file 'C:\GitHub\MovFileIntegrityChecker\MovFileIntegrityChecker.Web\bin\Debug\net9.0-windows\MovFileIntegrityChecker.Core.dll' because it is being used by another process. Le fichier est verrouill├® par┬á: "MovFileIntegrityChecker.Web (41432)" [C:\GitHub\MovFileIntegrityChecker\MovFileIntegrityChecker.Web\MovFileIntegrityChecker.Web.csproj]
C:\Program Files\dotnet\sdk\9.0.309\Microsoft.Common.CurrentVersion.targets(5093,5): error MSB3027: Impossible de copier "C:\GitHub\MovFileIntegrityChecker\MovFileIntegrityChecker.Core\bin\Debug\net9.0\MovFileIntegrityChecker.Core.dll" vers "bin\Debug\net9.0-windows\MovFileIntegrityChecker.Core.dll". D├®passement du nombre maximal de nouvelles tentatives de 10. ├ëchec. Le fichier est verrouill├® par┬á: "MovFileIntegrityChecker.Web (41432)" [C:\GitHub\MovFileIntegrityChecker\MovFileIntegrityChecker.Web\MovFileIntegrityChecker.Web.csproj]
C:\Program Files\dotnet\sdk\9.0.309\Microsoft.Common.CurrentVersion.targets(5093,5): error MSB3021: Impossible de copier le fichier "C:\GitHub\MovFileIntegrityChecker\MovFileIntegrityChecker.Core\bin\Debug\net9.0\MovFileIntegrityChecker.Core.dll" vers "bin\Debug\net9.0-windows\MovFileIntegrityChecker.Core.dll". The process cannot access the file 'C:\GitHub\MovFileIntegrityChecker\MovFileIntegrityChecker.Web\bin\Debug\net9.0-windows\MovFileIntegrityChecker.Core.dll' because it is being used by another process. [C:\GitHub\MovFileIntegrityChecker\MovFileIntegrityChecker.Web\MovFileIntegrityChecker.Web.csproj]

├ëCHEC de la build.

C:\Program Files\dotnet\sdk\9.0.309\Microsoft.Common.CurrentVersion.targets(5093,5): warning MSB3026: Impossible de copier "C:\GitHub\MovFileIntegrityChecker\MovFileIntegrityChecker.Core\bin\Debug\net9.0\MovFileIntegrityChecker.Core.dll" vers "bin\Debug\net9.0-windows\MovFileIntegrityChecker.Core.dll". Nouvelle tentative de l'op├®ration 1 dans 1000┬áms. The process cannot access the file 'C:\GitHub\MovFileIntegrityChecker\MovFileIntegrityChecker.Web\bin\Debug\net9.0-windows\MovFileIntegrityChecker.Core.dll' because it is being used by another process. Le fichier est verrouill├® par┬á: "MovFileIntegrityChecker.Web (41432)" [C:\GitHub\MovFileIntegrityChecker\MovFileIntegrityChecker.Web\MovFileIntegrityChecker.Web.csproj]
C:\Program Files\dotnet\sdk\9.0.309\Microsoft.Common.CurrentVersion.targets(5093,5): warning MSB3026: Impossible de copier "C:\GitHub\MovFileIntegrityChecker\MovFileIntegrityChecker.Core\bin\Debug\net9.0\MovFileIntegrityChecker.Core.dll" vers "bin\Debug\net9.0-windows\MovFileIntegrityChecker.Core.dll". Nouvelle tentative de l'op├®ration 2 dans 1000┬áms. The process cannot access the file 'C:\GitHub\MovFileIntegrityChecker\MovFileIntegrityChecker.Web\bin\Debug\net9.0-windows\MovFileIntegrityChecker.Core.dll' because it is being used by another process. Le fichier est verrouill├® par┬á: "MovFileIntegrityChecker.Web (41432)" [C:\GitHub\MovFileIntegrityChecker\MovFileIntegrityChecker.Web\MovFileIntegrityChecker.Web.csproj]
C:\Program Files\dotnet\sdk\9.0.309\Microsoft.Common.CurrentVersion.targets(5093,5): warning MSB3026: Impossible de copier "C:\GitHub\MovFileIntegrityChecker\MovFileIntegrityChecker.Core\bin\Debug\net9.0\MovFileIntegrityChecker.Core.dll" vers "bin\Debug\net9.0-windows\MovFileIntegrityChecker.Core.dll". Nouvelle tentative de l'op├®ration 3 dans 1000┬áms. The process cannot access the file 'C:\GitHub\MovFileIntegrityChecker\MovFileIntegrityChecker.Web\bin\Debug\net9.0-windows\MovFileIntegrityChecker.Core.dll' because it is being used by another process. Le fichier est verrouill├® par┬á: "MovFileIntegrityChecker.Web (41432)" [C:\GitHub\MovFileIntegrityChecker\MovFileIntegrityChecker.Web\MovFileIntegrityChecker.Web.csproj]
C:\Program Files\dotnet\sdk\9.0.309\Microsoft.Common.CurrentVersion.targets(5093,5): warning MSB3026: Impossible de copier "C:\GitHub\MovFileIntegrityChecker\MovFileIntegrityChecker.Core\bin\Debug\net9.0\MovFileIntegrityChecker.Core.dll" vers "bin\Debug\net9.0-windows\MovFileIntegrityChecker.Core.dll". Nouvelle tentative de l'op├®ration 4 dans 1000┬áms. The process cannot access the file 'C:\GitHub\MovFileIntegrityChecker\MovFileIntegrityChecker.Web\bin\Debug\net9.0-windows\MovFileIntegrityChecker.Core.dll' because it is being used by another process. Le fichier est verrouill├® par┬á: "MovFileIntegrityChecker.Web (41432)" [C:\GitHub\MovFileIntegrityChecker\MovFileIntegrityChecker.Web\MovFileIntegrityChecker.Web.csproj]
C:\Program Files\dotnet\sdk\9.0.309\Microsoft.Common.CurrentVersion.targets(5093,5): warning MSB3026: Impossible de copier "C:\GitHub\MovFileIntegrityChecker\MovFileIntegrityChecker.Core\bin\Debug\net9.0\MovFileIntegrityChecker.Core.dll" vers "bin\Debug\net9.0-windows\MovFileIntegrityChecker.Core.dll". Nouvelle tentative de l'op├®ration 5 dans 1000┬áms. The process cannot access the file 'C:\GitHub\MovFileIntegrityChecker\MovFileIntegrityChecker.Web\bin\Debug\net9.0-windows\MovFileIntegrityChecker.Core.dll' because it is being used by another process. Le fichier est verrouill├® par┬á: "MovFileIntegrityChecker.Web (41432)" [C:\GitHub\MovFileIntegrityChecker\MovFileIntegrityChecker.Web\MovFileIntegrityChecker.Web.csproj]
C:\Program Files\dotnet\sdk\9.0.309\Microsoft.Common.CurrentVersion.targets(5093,5): warning MSB3026: Impossible de copier "C:\GitHub\MovFileIntegrityChecker\MovFileIntegrityChecker.Core\bin\Debug\net9.0\MovFileIntegrityChecker.Core.dll" vers "bin\Debug\net9.0-windows\MovFileIntegrityChecker.Core.dll". Nouvelle tentative de l'op├®ration 6 dans 1000┬áms. The process cannot access the file 'C:\GitHub\MovFileIntegrityChecker\MovFileIntegrityChecker.Web\bin\Debug\net9.0-windows\MovFileIntegrityChecker.Core.dll' because it is being used by another process. Le fichier est verrouill├® par┬á: "MovFileIntegrityChecker.Web (41432)" [C:\GitHub\MovFileIntegrityChecker\MovFileIntegrityChecker.Web\MovFileIntegrityChecker.Web.csproj]
C:\Program Files\dotnet\sdk\9.0.309\Microsoft.Common.CurrentVersion.targets(5093,5): warning MSB3026: Impossible de copier "C:\GitHub\MovFileIntegrityChecker\MovFileIntegrityChecker.Core\bin\Debug\net9.0\MovFileIntegrityChecker.Core.dll" vers "bin\Debug\net9.0-windows\MovFileIntegrityChecker.Core.dll". Nouvelle tentative de l'op├®ration 7 dans 1000┬áms. The process cannot access the file 'C:\GitHub\MovFileIntegrityChecker\MovFileIntegrityChecker.Web\bin\Debug\net9.0-windows\MovFileIntegrityChecker.Core.dll' because it is being used by another process. Le fichier est verrouill├® par┬á: "MovFileIntegrityChecker.Web (41432)" [C:\GitHub\MovFileIntegrityChecker\MovFileIntegrityChecker.Web\MovFileIntegrityChecker.Web.csproj]
C:\Program Files\dotnet\sdk\9.0.309\Microsoft.Common.CurrentVersion.targets(5093,5): warning MSB3026: Impossible de copier "C:\GitHub\MovFileIntegrityChecker\MovFileIntegrityChecker.Core\bin\Debug\net9.0\MovFileIntegrityChecker.Core.dll" vers "bin\Debug\net9.0-windows\MovFileIntegrityChecker.Core.dll". Nouvelle tentative de l'op├®ration 8 dans 1000┬áms. The process cannot access the file 'C:\GitHub\MovFileIntegrityChecker\MovFileIntegrityChecker.Web\bin\Debug\net9.0-windows\MovFileIntegrityChecker.Core.dll' because it is being used by another process. Le fichier est verrouill├® par┬á: "MovFileIntegrityChecker.Web (41432)" [C:\GitHub\MovFileIntegrityChecker\MovFileIntegrityChecker.Web\MovFileIntegrityChecker.Web.csproj]
C:\Program Files\dotnet\sdk\9.0.309\Microsoft.Common.CurrentVersion.targets(5093,5): warning MSB3026: Impossible de copier "C:\GitHub\MovFileIntegrityChecker\MovFileIntegrityChecker.Core\bin\Debug\net9.0\MovFileIntegrityChecker.Core.dll" vers "bin\Debug\net9.0-windows\MovFileIntegrityChecker.Core.dll". Nouvelle tentative de l'op├®ration 9 dans 1000┬áms. The process cannot access the file 'C:\GitHub\MovFileIntegrityChecker\MovFileIntegrityChecker.Web\bin\Debug\net9.0-windows\MovFileIntegrityChecker.Core.dll' because it is being used by another process. Le fichier est verrouill├® par┬á: "MovFileIntegrityChecker.Web (41432)" [C:\GitHub\MovFileIntegrityChecker\MovFileIntegrityChecker.Web\MovFileIntegrityChecker.Web.csproj]
C:\Program Files\dotnet\sdk\9.0.309\Microsoft.Common.CurrentVersion.targets(5093,5): warning MSB3026: Impossible de copier "C:\GitHub\MovFileIntegrityChecker\MovFileIntegrityChecker.Core\bin\Debug\net9.0\MovFileIntegrityChecker.Core.dll" vers "bin\Debug\net9.0-windows\MovFileIntegrityChecker.Core.dll". Nouvelle tentative de l'op├®ration 10 dans 1000┬áms. The process cannot access the file 'C:\GitHub\MovFileIntegrityChecker\MovFileIntegrityChecker.Web\bin\Debug\net9.0-windows\MovFileIntegrityChecker.Core.dll' because it is being used by another process. Le fichier est verrouill├® par┬á: "MovFileIntegrityChecker.Web (41432)" [C:\GitHub\MovFileIntegrityChecker\MovFileIntegrityChecker.Web\MovFileIntegrityChecker.Web.csproj]
C:\Program Files\dotnet\sdk\9.0.309\Microsoft.Common.CurrentVersion.targets(5093,5): error MSB3027: Impossible de copier "C:\GitHub\MovFileIntegrityChecker\MovFileIntegrityChecker.Core\bin\Debug\net9.0\MovFileIntegrityChecker.Core.dll" vers "bin\Debug\net9.0-windows\MovFileIntegrityChecker.Core.dll". D├®passement du nombre maximal de nouvelles tentatives de 10. ├ëchec. Le fichier est verrouill├® par┬á: "MovFileIntegrityChecker.Web (41432)" [C:\GitHub\MovFileIntegrityChecker\MovFileIntegrityChecker.Web\MovFileIntegrityChecker.Web.csproj]
C:\Program Files\dotnet\sdk\9.0.309\Microsoft.Common.CurrentVersion.targets(5093,5): error MSB3021: Impossible de copier le fichier "C:\GitHub\MovFileIntegrityChecker\MovFileIntegrityChecker.Core\bin\Debug\net9.0\MovFileIntegrityChecker.Core.dll" vers "bin\Debug\net9.0-windows\MovFileIntegrityChecker.Core.dll". The process cannot access the file 'C:\GitHub\MovFileIntegrityChecker\MovFileIntegrityChecker.Web\bin\Debug\net9.0-windows\MovFileIntegrityChecker.Core.dll' because it is being used by another process. [C:\GitHub\MovFileIntegrityChecker\MovFileIntegrityChecker.Web\MovFileIntegrityChecker.Web.csproj]
    10 Avertissement(s)
    2 Erreur(s)

Temps ├®coul├® 00:00:15.52
